                              1 ;--------------------------------------------------------
                              2 ; File Created by SDCC : FreeWare ANSI-C Compiler
                              3 ; Version 2.2.1 Tue Jul 29 10:28:15 2014
                              4 
                              5 ;--------------------------------------------------------
                              6 	.module lcc38360
                              7 	
                              8 ;--------------------------------------------------------
                              9 ; Public variables in this module
                             10 ;--------------------------------------------------------
                             11 	.globl _main
                             12 	.globl _runGame
                             13 	.globl _initGame
                             14 	.globl _main
                             15 ;--------------------------------------------------------
                             16 ; Externals used
                             17 ;--------------------------------------------------------
                             18 	.globl _ball
                             19 	.globl _paddle_computer
                             20 	.globl _paddle_user
                             21 	.globl __io_out
                             22 	.globl __io_in
                             23 	.globl __io_status
                             24 	.globl _sys_time
                             25 	.globl __cpu
                             26 ;--------------------------------------------------------
                             27 ; special function registers
                             28 ;--------------------------------------------------------
                             29 ;--------------------------------------------------------
                             30 ; special function bits 
                             31 ;--------------------------------------------------------
                             32 ;--------------------------------------------------------
                             33 ; internal ram data
                             34 ;--------------------------------------------------------
                             35 	.area _DATA
                             36 ;--------------------------------------------------------
                             37 ; overlayable items in internal ram 
                             38 ;--------------------------------------------------------
                             39 	.area _OVERLAY
                             40 ;--------------------------------------------------------
                             41 ; indirectly addressable internal ram data
                             42 ;--------------------------------------------------------
                             43 	.area _ISEG
                             44 ;--------------------------------------------------------
                             45 ; bit data
                             46 ;--------------------------------------------------------
                             47 	.area _BSEG
                             48 ;--------------------------------------------------------
                             49 ; external ram data
                             50 ;--------------------------------------------------------
                             51 	.area _XSEG
                             52 ;--------------------------------------------------------
                             53 ; global & static initialisations
                             54 ;--------------------------------------------------------
                             55 	.area _GSINIT
                             56 	.area _GSFINAL
                             57 	.area _GSINIT
                             58 ;--------------------------------------------------------
                             59 ; Home
                             60 ;--------------------------------------------------------
                             61 	.area _HOME
                             62 	.area _CODE
                             63 ;--------------------------------------------------------
                             64 ; code
                             65 ;--------------------------------------------------------
                             66 	.area _CODE
                             67 ;	pong.c 4
                             68 ; genLabel
                             69 ; genFunction
                             70 ;	---------------------------------
                             71 ; Function main
                             72 ; ---------------------------------
   0000                      73 ___main_start:
   0000                      74 _main:
                             75 	
                             76 ;	pong.c 6
                             77 ; genCall
   0000 CD 00 00             78 	call	_initGame
                             79 ;	pong.c 7
                             80 ; genCall
   0003 CD 00 00             81 	call	_runGame
                             82 ; genLabel
   0006                      83 00101$:
                             84 ; genEndFunction
                             85 	
   0006 C9                   86 	ret
   0007                      87 ___main_end:
                             88 	.area _CODE
ASxxxx Assembler V01.75  (GameBoy Z80-like CPU), page 1.

Symbol Table

  0 ___main_end                        0007 R
  0 ___main_start                      0000 R
    __cpu                              **** GX
    __io_in                            **** GX
    __io_out                           **** GX
    __io_status                        **** GX
    _ball                              **** GX
    _initGame                          **** GX
  0 _main                              0000 GR
    _paddle_computer                   **** GX
    _paddle_user                       **** GX
    _runGame                           **** GX
    _sys_time                          **** GX

ASxxxx Assembler V01.75  (GameBoy Z80-like CPU), page 2.

Area Table

   0 _CODE                              size    7   flags 0
   1 _DATA                              size    0   flags 0
   2 _OVERLAY                           size    0   flags 0
   3 _ISEG                              size    0   flags 0
   4 _BSEG                              size    0   flags 0
   5 _XSEG                              size    0   flags 0
   6 _GSINIT                            size    0   flags 0
   7 _GSFINAL                           size    0   flags 0
   8 _HOME                              size    0   flags 0
